nuxxxcake@DESKTOP-UBTIO8S MINGW64 ~/Desktop/hw/GitHub/terminal-hw (main)
$ cd git

nuxxxcake@DESKTOP-UBTIO8S MINGW64 ~/Desktop/hw/GitHub/terminal-hw/git (main)
$ touch HWgit2.txt

nuxxxcake@DESKTOP-UBTIO8S MINGW64 ~/Desktop/hw/GitHub/terminal-hw/git (main)
$ git add HWgit2.txt

nuxxxcake@DESKTOP-UBTIO8S MINGW64 ~/Desktop/hw/GitHub/terminal-hw/git (main)
$ git commit -m "create file"
[main 56bafc4] create file
 1 file changed, 0 insertions(+), 0 deletions(-)
 create mode 100644 git/HWgit2.txt

nuxxxcake@DESKTOP-UBTIO8S MINGW64 ~/Desktop/hw/GitHub/terminal-hw/git (main)
$ git push
Enumerating objects: 6, done.
Counting objects: 100% (6/6), done.
Delta compression using up to 4 threads
Compressing objects: 100% (3/3), done.
Writing objects: 100% (4/4), 330 bytes | 330.00 KiB/s, done.
Total 4 (delta 1), reused 0 (delta 0), pack-reused 0
remote: Resolving deltas: 100% (1/1), completed with 1 local object.
To https://github.com/MarinaYlitka/terminal-hw
   9bf08a6..56bafc4  main -> main

nuxxxcake@DESKTOP-UBTIO8S MINGW64 ~/Desktop/hw/GitHub/terminal-hw/git (main)
$ cd ..

nuxxxcake@DESKTOP-UBTIO8S MINGW64 ~/Desktop/hw/GitHub/terminal-hw (main)
$ cd ..

nuxxxcake@DESKTOP-UBTIO8S MINGW64 ~/Desktop/hw/GitHub (main)
$ mkdir programms-hw

nuxxxcake@DESKTOP-UBTIO8S MINGW64 ~/Desktop/hw/GitHub (main)
$ cd programms-hw/

nuxxxcake@DESKTOP-UBTIO8S MINGW64 ~/Desktop/hw/GitHub/programms-hw
$ echo "# programms-hw" >> README.md
git init
git add README.md
git commit -m "first commit"
git branch -M main
git remote add origin https://github.com/MarinaYlitka/programms-hw.git
git push -u origin main
Initialized empty Git repository in C:/Users/nuxxxcake/Desktop/hw/GitHub/programms-hw/.git/
warning: LF will be replaced by CRLF in README.md.
The file will have its original line endings in your working directory
[master (root-commit) 1faf2fa] first commit
 1 file changed, 1 insertion(+)
 create mode 100644 README.md
Enumerating objects: 3, done.
Counting objects: 100% (3/3), done.
Writing objects: 100% (3/3), 232 bytes | 232.00 KiB/s, done.
Total 3 (delta 0), reused 0 (delta 0), pack-reused 0
To https://github.com/MarinaYlitka/programms-hw.git
 * [new branch]      main -> main
branch 'main' set up to track 'origin/main'.

nuxxxcake@DESKTOP-UBTIO8S MINGW64 ~/Desktop/hw/GitHub/programms-hw (main)
$ git branch Postman

nuxxxcake@DESKTOP-UBTIO8S MINGW64 ~/Desktop/hw/GitHub/programms-hw (main)
$ git branch Jmeter

nuxxxcake@DESKTOP-UBTIO8S MINGW64 ~/Desktop/hw/GitHub/programms-hw (main)
$ git branch Check_Lists

nuxxxcake@DESKTOP-UBTIO8S MINGW64 ~/Desktop/hw/GitHub/programms-hw (main)
$ git branch Test_Cases

nuxxxcake@DESKTOP-UBTIO8S MINGW64 ~/Desktop/hw/GitHub/programms-hw (main)
$ git branch Bug_Reports

nuxxxcake@DESKTOP-UBTIO8S MINGW64 ~/Desktop/hw/GitHub/programms-hw (main)
$ git branch SQL

nuxxxcake@DESKTOP-UBTIO8S MINGW64 ~/Desktop/hw/GitHub/programms-hw (main)
$ git branch Charles

nuxxxcake@DESKTOP-UBTIO8S MINGW64 ~/Desktop/hw/GitHub/programms-hw (main)
$ git branch Mobile_testing

nuxxxcake@DESKTOP-UBTIO8S MINGW64 ~/Desktop/hw/GitHub/programms-hw (main)
$ git branch
  Bug_Reports
  Charles
  Check_Lists
  Jmeter
  Mobile_testing
  Postman
  SQL
  Test_Cases
* main

nuxxxcake@DESKTOP-UBTIO8S MINGW64 ~/Desktop/hw/GitHub/programms-hw (main)
$ git checkout Postman
Switched to branch 'Postman'

nuxxxcake@DESKTOP-UBTIO8S MINGW64 ~/Desktop/hw/GitHub/programms-hw (Postman)
$ git push -u origin Postman
Total 0 (delta 0), reused 0 (delta 0), pack-reused 0
remote:
remote: Create a pull request for 'Postman' on GitHub by visiting:
remote:      https://github.com/MarinaYlitka/programms-hw/pull/new/Postman
remote:
To https://github.com/MarinaYlitka/programms-hw.git
 * [new branch]      Postman -> Postman
branch 'Postman' set up to track 'origin/Postman'.

nuxxxcake@DESKTOP-UBTIO8S MINGW64 ~/Desktop/hw/GitHub/programms-hw (Postman)
$ git push -u origin Jmeter
Total 0 (delta 0), reused 0 (delta 0), pack-reused 0
remote:
remote: Create a pull request for 'Jmeter' on GitHub by visiting:
remote:      https://github.com/MarinaYlitka/programms-hw/pull/new/Jmeter
remote:
To https://github.com/MarinaYlitka/programms-hw.git
 * [new branch]      Jmeter -> Jmeter
branch 'Jmeter' set up to track 'origin/Jmeter'.

nuxxxcake@DESKTOP-UBTIO8S MINGW64 ~/Desktop/hw/GitHub/programms-hw (Postman)
$ git push -u origin Check_Lists
Total 0 (delta 0), reused 0 (delta 0), pack-reused 0
remote:
remote: Create a pull request for 'Check_Lists' on GitHub by visiting:
remote:      https://github.com/MarinaYlitka/programms-hw/pull/new/Check_Lists
remote:
To https://github.com/MarinaYlitka/programms-hw.git
 * [new branch]      Check_Lists -> Check_Lists
branch 'Check_Lists' set up to track 'origin/Check_Lists'.

nuxxxcake@DESKTOP-UBTIO8S MINGW64 ~/Desktop/hw/GitHub/programms-hw (Postman)
$ git push -u origin Test_Cases
Total 0 (delta 0), reused 0 (delta 0), pack-reused 0
remote:
remote: Create a pull request for 'Test_Cases' on GitHub by visiting:
remote:      https://github.com/MarinaYlitka/programms-hw/pull/new/Test_Cases
remote:
To https://github.com/MarinaYlitka/programms-hw.git
 * [new branch]      Test_Cases -> Test_Cases
branch 'Test_Cases' set up to track 'origin/Test_Cases'.

nuxxxcake@DESKTOP-UBTIO8S MINGW64 ~/Desktop/hw/GitHub/programms-hw (Postman)
$ git push -u origin Bug_Reports
Total 0 (delta 0), reused 0 (delta 0), pack-reused 0
remote:
remote: Create a pull request for 'Bug_Reports' on GitHub by visiting:
remote:      https://github.com/MarinaYlitka/programms-hw/pull/new/Bug_Reports
remote:
To https://github.com/MarinaYlitka/programms-hw.git
 * [new branch]      Bug_Reports -> Bug_Reports
branch 'Bug_Reports' set up to track 'origin/Bug_Reports'.

nuxxxcake@DESKTOP-UBTIO8S MINGW64 ~/Desktop/hw/GitHub/programms-hw (Postman)
$ git push -u origin SQL
Total 0 (delta 0), reused 0 (delta 0), pack-reused 0
remote:
remote: Create a pull request for 'SQL' on GitHub by visiting:
remote:      https://github.com/MarinaYlitka/programms-hw/pull/new/SQL
remote:
To https://github.com/MarinaYlitka/programms-hw.git
 * [new branch]      SQL -> SQL
branch 'SQL' set up to track 'origin/SQL'.

nuxxxcake@DESKTOP-UBTIO8S MINGW64 ~/Desktop/hw/GitHub/programms-hw (Postman)
$ git push -u origin Charles
Total 0 (delta 0), reused 0 (delta 0), pack-reused 0
remote:
remote: Create a pull request for 'Charles' on GitHub by visiting:
remote:      https://github.com/MarinaYlitka/programms-hw/pull/new/Charles
remote:
To https://github.com/MarinaYlitka/programms-hw.git
 * [new branch]      Charles -> Charles
branch 'Charles' set up to track 'origin/Charles'.

nuxxxcake@DESKTOP-UBTIO8S MINGW64 ~/Desktop/hw/GitHub/programms-hw (Postman)
$ git push -u origin Mobile_testing
Total 0 (delta 0), reused 0 (delta 0), pack-reused 0
remote:
remote: Create a pull request for 'Mobile_testing' on GitHub by visiting:
remote:      https://github.com/MarinaYlitka/programms-hw/pull/new/Mobile_testing
remote:
To https://github.com/MarinaYlitka/programms-hw.git
 * [new branch]      Mobile_testing -> Mobile_testing
branch 'Mobile_testing' set up to track 'origin/Mobile_testing'.

nuxxxcake@DESKTOP-UBTIO8S MINGW64 ~/Desktop/hw/GitHub/programms-hw (Postman)
$ git checkout Bug_Reports
Switched to branch 'Bug_Reports'
Your branch is up to date with 'origin/Bug_Reports'.

nuxxxcake@DESKTOP-UBTIO8S MINGW64 ~/Desktop/hw/GitHub/programms-hw (Bug_Reports)
$ touch bug_report_structure.xlsx

nuxxxcake@DESKTOP-UBTIO8S MINGW64 ~/Desktop/hw/GitHub/programms-hw (Bug_Reports)
$ git add .

nuxxxcake@DESKTOP-UBTIO8S MINGW64 ~/Desktop/hw/GitHub/programms-hw (Bug_Reports)
$ git commit -m "add bug report structure"
[Bug_Reports 82acfd8] add bug report structure
 1 file changed, 0 insertions(+), 0 deletions(-)
 create mode 100644 bug_report_structure.xlsx

nuxxxcake@DESKTOP-UBTIO8S MINGW64 ~/Desktop/hw/GitHub/programms-hw (Bug_Reports)
$ git checkout main
Switched to branch 'main'
Your branch is up to date with 'origin/main'.

nuxxxcake@DESKTOP-UBTIO8S MINGW64 ~/Desktop/hw/GitHub/programms-hw (main)
$ git merge Bug_Reports
Updating 1faf2fa..82acfd8
Fast-forward
 bug_report_structure.xlsx | Bin 0 -> 7406 bytes
 1 file changed, 0 insertions(+), 0 deletions(-)
 create mode 100644 bug_report_structure.xlsx

nuxxxcake@DESKTOP-UBTIO8S MINGW64 ~/Desktop/hw/GitHub/programms-hw (main)
$ git push
Total 0 (delta 0), reused 0 (delta 0), pack-reused 0
To https://github.com/MarinaYlitka/programms-hw.git
   1faf2fa..82acfd8  main -> main

nuxxxcake@DESKTOP-UBTIO8S MINGW64 ~/Desktop/hw/GitHub/programms-hw (main)
$ git checkout Check_Lists
Switched to branch 'Check_Lists'
Your branch is up to date with 'origin/Check_Lists'.

nuxxxcake@DESKTOP-UBTIO8S MINGW64 ~/Desktop/hw/GitHub/programms-hw (Check_Lists)
$ touch check_list_structure.xlsx

nuxxxcake@DESKTOP-UBTIO8S MINGW64 ~/Desktop/hw/GitHub/programms-hw (Check_Lists)
$ git add .

nuxxxcake@DESKTOP-UBTIO8S MINGW64 ~/Desktop/hw/GitHub/programms-hw (Check_Lists)
$ git commit -m "add check list structure"
[Check_Lists d919b8e] add check list structure
 1 file changed, 0 insertions(+), 0 deletions(-)
 create mode 100644 check_list_structure.xlsx

nuxxxcake@DESKTOP-UBTIO8S MINGW64 ~/Desktop/hw/GitHub/programms-hw (Check_Lists)
$ git push
Enumerating objects: 4, done.
Counting objects: 100% (4/4), done.
Delta compression using up to 4 threads
Compressing objects: 100% (3/3), done.
Writing objects: 100% (3/3), 7.21 KiB | 7.21 MiB/s, done.
Total 3 (delta 0), reused 0 (delta 0), pack-reused 0
To https://github.com/MarinaYlitka/programms-hw.git
   1faf2fa..d919b8e  Check_Lists -> Check_Lists

nuxxxcake@DESKTOP-UBTIO8S MINGW64 ~/Desktop/hw/GitHub/programms-hw (Check_Lists)
$ git checkout main
Switched to branch 'main'
Your branch is up to date with 'origin/main'.

nuxxxcake@DESKTOP-UBTIO8S MINGW64 ~/Desktop/hw/GitHub/programms-hw (main)
$ git merge Check_Lists
Merge made by the 'ort' strategy.
 check_list_structure.xlsx | Bin 0 -> 7890 bytes
 1 file changed, 0 insertions(+), 0 deletions(-)
 create mode 100644 check_list_structure.xlsx

nuxxxcake@DESKTOP-UBTIO8S MINGW64 ~/Desktop/hw/GitHub/programms-hw (main)
$ git push
Enumerating objects: 4, done.
Counting objects: 100% (4/4), done.
Delta compression using up to 4 threads
Compressing objects: 100% (2/2), done.
Writing objects: 100% (2/2), 364 bytes | 364.00 KiB/s, done.
Total 2 (delta 0), reused 0 (delta 0), pack-reused 0
To https://github.com/MarinaYlitka/programms-hw.git
   82acfd8..4fd68e7  main -> main

nuxxxcake@DESKTOP-UBTIO8S MINGW64 ~/Desktop/hw/GitHub/programms-hw (main)
$ git rebase -i 82acfd8
interactive rebase in progress; onto 82acfd8
Last commands done (2 commands done):
   drop d919b8e add check list structure
   pick b8ba327 add bug report structure
No commands remaining.
You are currently rebasing branch 'main' on '82acfd8'.
  (all conflicts fixed: run "git rebase --continue")

nothing to commit, working tree clean
The previous cherry-pick is now empty, possibly due to conflict resolution.
If you wish to commit it anyway, use:

    git commit --allow-empty

Otherwise, please use 'git rebase --skip'
Could not apply b8ba327... add bug report structure

nuxxxcake@DESKTOP-UBTIO8S MINGW64 ~/Desktop/hw/GitHub/programms-hw (main|REBASE 2/2)
$ git rebase --continue
Successfully rebased and updated refs/heads/main.

nuxxxcake@DESKTOP-UBTIO8S MINGW64 ~/Desktop/hw/GitHub/programms-hw (main)
$ git status
On branch main
Your branch is behind 'origin/main' by 3 commits, and can be fast-forwarded.
  (use "git pull" to update your local branch)

nothing to commit, working tree clean

nuxxxcake@DESKTOP-UBTIO8S MINGW64 ~/Desktop/hw/GitHub/programms-hw (main)
$ git push -f
Total 0 (delta 0), reused 0 (delta 0), pack-reused 0
To https://github.com/MarinaYlitka/programms-hw.git
 + 997407a...82acfd8 main -> main (forced update)

nuxxxcake@DESKTOP-UBTIO8S MINGW64 ~/Desktop/hw/GitHub/programms-hw (main)
$ git checkout Test_Cases
Switched to branch 'Test_Cases'
Your branch is up to date with 'origin/Test_Cases'.

nuxxxcake@DESKTOP-UBTIO8S MINGW64 ~/Desktop/hw/GitHub/programms-hw (Test_Cases)
$ touch test_case_structure.xlsx

nuxxxcake@DESKTOP-UBTIO8S MINGW64 ~/Desktop/hw/GitHub/programms-hw (Test_Cases)
$ git add .

nuxxxcake@DESKTOP-UBTIO8S MINGW64 ~/Desktop/hw/GitHub/programms-hw (Test_Cases)
$ git commit -m "add test case structure"
[Test_Cases 14e3f66] add test case structure
 1 file changed, 0 insertions(+), 0 deletions(-)
 create mode 100644 test_case_structure.xlsx

nuxxxcake@DESKTOP-UBTIO8S MINGW64 ~/Desktop/hw/GitHub/programms-hw (Test_Cases)
$ git push
Enumerating objects: 4, done.
Counting objects: 100% (4/4), done.
Delta compression using up to 4 threads
Compressing objects: 100% (3/3), done.
Writing objects: 100% (3/3), 8.57 KiB | 8.57 MiB/s, done.
Total 3 (delta 0), reused 0 (delta 0), pack-reused 0
To https://github.com/MarinaYlitka/programms-hw.git
   1faf2fa..14e3f66  Test_Cases -> Test_Cases

nuxxxcake@DESKTOP-UBTIO8S MINGW64 ~/Desktop/hw/GitHub/programms-hw (Test_Cases)
$ git checkout main
Switched to branch 'main'
Your branch is up to date with 'origin/main'.

nuxxxcake@DESKTOP-UBTIO8S MINGW64 ~/Desktop/hw/GitHub/programms-hw (main)
$ git pull
remote: Enumerating objects: 4, done.
remote: Counting objects: 100% (4/4), done.
remote: Compressing objects: 100% (2/2), done.
remote: Total 2 (delta 0), reused 1 (delta 0), pack-reused 0
Unpacking objects: 100% (2/2), 768 bytes | 153.00 KiB/s, done.
From https://github.com/MarinaYlitka/programms-hw
   82acfd8..ca7eb3d  main       -> origin/main
Updating 82acfd8..ca7eb3d
Fast-forward
 check_list_structure.xlsx | Bin 0 -> 7890 bytes
 1 file changed, 0 insertions(+), 0 deletions(-)
 create mode 100644 check_list_structure.xlsx

nuxxxcake@DESKTOP-UBTIO8S MINGW64 ~/Desktop/hw/GitHub/programms-hw (main)
$ git merge Test_Cases
Merge made by the 'ort' strategy.
 test_case_structure.xlsx | Bin 0 -> 9284 bytes
 1 file changed, 0 insertions(+), 0 deletions(-)
 create mode 100644 test_case_structure.xlsx

nuxxxcake@DESKTOP-UBTIO8S MINGW64 ~/Desktop/hw/GitHub/programms-hw (main)
$ git push
Enumerating objects: 4, done.
Counting objects: 100% (4/4), done.
Delta compression using up to 4 threads
Compressing objects: 100% (2/2), done.
Writing objects: 100% (2/2), 321 bytes | 321.00 KiB/s, done.
Total 2 (delta 1), reused 0 (delta 0), pack-reused 0
remote: Resolving deltas: 100% (1/1), completed with 1 local object.
To https://github.com/MarinaYlitka/programms-hw.git
   ca7eb3d..60c2c88  main -> main
